

================================================================
== Synthesis Summary Report of 'saveSrcDest_kernel'
================================================================
+ General Information: 
    * Date:           Thu Apr 18 21:37:47 2024
    * Version:        2023.1 (Build 3854077 on May  4 2023)
    * Project:        saveSrcDestV3
    * Solution:       solution1 (Vivado IP Flow Target)
    * Product family: virtexuplusHBM
    * Target device:  xcu280-fsvh2892-2L-e
    

+ Performance & Resource Estimates: 
    
    PS: '+' for module; 'o' for loop; '*' for dataflow
    +----------------------+------+------+---------+--------+----------+---------+------+----------+------+----+-----------+-----------+-----+
    |        Modules       | Issue|      | Latency | Latency| Iteration|         | Trip |          |      |    |           |           |     |
    |        & Loops       | Type | Slack| (cycles)|  (ns)  |  Latency | Interval| Count| Pipelined| BRAM | DSP|     FF    |    LUT    | URAM|
    +----------------------+------+------+---------+--------+----------+---------+------+----------+------+----+-----------+-----------+-----+
    |+ saveSrcDest_kernel  |     -|  0.16|        3|   6.000|         -|        1|     -|       yes|     -|   -|  166 (~0%)|  372 (~0%)|    -|
    +----------------------+------+------+---------+--------+----------+---------+------+----------+------+----+-----------+-----------+-----+


================================================================
== HW Interfaces
================================================================
* AXIS
+-----------------+-----------+---------------+-------+--------+--------+
| Interface       | Direction | Register Mode | TDATA | TREADY | TVALID |
+-----------------+-----------+---------------+-------+--------+--------+
| user_extern_in  | in        | both          | 64    | 1      | 1      |
| user_extern_out | out       | both          | 64    | 1      | 1      |
+-----------------+-----------+---------------+-------+--------+--------+

* TOP LEVEL CONTROL
+-----------+------------+-----------------------------------+
| Interface | Type       | Ports                             |
+-----------+------------+-----------------------------------+
| ap_clk    | clock      | ap_clk                            |
| ap_rst_n  | reset      | ap_rst_n                          |
| ap_ctrl   | ap_ctrl_hs | ap_done ap_idle ap_ready ap_start |
+-----------+------------+-----------------------------------+


================================================================
== SW I/O Information
================================================================
* Top Function Arguments
+-----------------+-----------+------------------------+
| Argument        | Direction | Datatype               |
+-----------------+-----------+------------------------+
| user_extern_in  | in        | stream<src_dest_t, 0>& |
| user_extern_out | out       | stream<src_dest_t, 0>& |
+-----------------+-----------+------------------------+

* SW-to-HW Mapping
+-----------------+-----------------+-----------+
| Argument        | HW Interface    | HW Type   |
+-----------------+-----------------+-----------+
| user_extern_in  | user_extern_in  | interface |
| user_extern_out | user_extern_out | interface |
+-----------------+-----------------+-----------+


================================================================
== Bind Op Report
================================================================
+----------------------+-----+--------+----------+-----+--------+---------+
| Name                 | DSP | Pragma | Variable | Op  | Impl   | Latency |
+----------------------+-----+--------+----------+-----+--------+---------+
| + saveSrcDest_kernel | 0   |        |          |     |        |         |
|   add_ln23_fu_200_p2 | -   |        | add_ln23 | add | fabric | 0       |
|   add_ln28_fu_226_p2 | -   |        | add_ln28 | add | fabric | 0       |
|   add_ln32_fu_250_p2 | -   |        | add_ln32 | add | fabric | 0       |
|   add_ln34_fu_272_p2 | -   |        | add_ln34 | add | fabric | 0       |
+----------------------+-----+--------+----------+-----+--------+---------+


================================================================
== Bind Storage Report
================================================================
+-----------------------+------+------+--------+-------------------+---------+------+---------+
| Name                  | BRAM | URAM | Pragma | Variable          | Storage | Impl | Latency |
+-----------------------+------+------+--------+-------------------+---------+------+---------+
| + saveSrcDest_kernel  | 0    | 0    |        |                   |         |      |         |
|   saved_addresses_0_U | -    | -    |        | saved_addresses_0 | ram_s2p | auto | 1       |
|   saved_addresses_1_U | -    | -    |        | saved_addresses_1 | ram_s2p | auto | 1       |
+-----------------------+------+------+--------+-------------------+---------+------+---------+


================================================================
== Pragma Report
================================================================
* Valid Pragma Syntax
+-----------+--------------------------------+------------------------------------------------------------------------------------+
| Type      | Options                        | Location                                                                           |
+-----------+--------------------------------+------------------------------------------------------------------------------------+
| interface | mode=axis port=user_extern_in  | saveSrcDestV3/src/saveSrcDest_kernel.cpp:12 in savesrcdest_kernel, user_extern_in  |
| interface | mode=axis port=user_extern_out | saveSrcDestV3/src/saveSrcDest_kernel.cpp:13 in savesrcdest_kernel, user_extern_out |
| pipeline  | II=1                           | saveSrcDestV3/src/saveSrcDest_kernel.cpp:17 in savesrcdest_kernel                  |
+-----------+--------------------------------+------------------------------------------------------------------------------------+


