

================================================================
== Vitis HLS Report for 'saveSrcDest_kernel'
================================================================
* Date:           Thu Apr 18 21:07:32 2024

* Version:        2021.2 (Build 3367213 on Tue Oct 19 02:47:39 MDT 2021)
* Project:        saveSrcDestV3
* Solution:       solution1 (Vivado IP Flow Target)
* Product family: virtexuplus
* Target device:  xcu280-fsvh2892-2L-e


================================================================
== Performance Estimates
================================================================
+ Timing: 
    * Summary: 
    +--------+---------+----------+------------+
    |  Clock |  Target | Estimated| Uncertainty|
    +--------+---------+----------+------------+
    |ap_clk  |  2.00 ns|  1.305 ns|     0.54 ns|
    +--------+---------+----------+------------+

+ Latency: 
    * Summary: 
    +---------+---------+----------+----------+-----+-----+---------+
    |  Latency (cycles) |  Latency (absolute) |  Interval | Pipeline|
    |   min   |   max   |    min   |    max   | min | max |   Type  |
    +---------+---------+----------+----------+-----+-----+---------+
    |        3|        3|  6.000 ns|  6.000 ns|    1|    1|      yes|
    +---------+---------+----------+----------+-----+-----+---------+

    + Detail: 
        * Instance: 
        N/A

        * Loop: 
        N/A



================================================================
== Utilization Estimates
================================================================
* Summary: 
+---------------------+---------+------+---------+---------+-----+
|         Name        | BRAM_18K|  DSP |    FF   |   LUT   | URAM|
+---------------------+---------+------+---------+---------+-----+
|DSP                  |        -|     -|        -|        -|    -|
|Expression           |        -|     -|        0|      140|    -|
|FIFO                 |        -|     -|        -|        -|    -|
|Instance             |        -|     -|        -|        -|    -|
|Memory               |        0|     -|       64|      130|    0|
|Multiplexer          |        -|     -|        -|      116|    -|
|Register             |        -|     -|      102|       32|    -|
+---------------------+---------+------+---------+---------+-----+
|Total                |        0|     0|      166|      418|    0|
+---------------------+---------+------+---------+---------+-----+
|Available SLR        |     1344|  3008|   869120|   434560|  320|
+---------------------+---------+------+---------+---------+-----+
|Utilization SLR (%)  |        0|     0|       ~0|       ~0|    0|
+---------------------+---------+------+---------+---------+-----+
|Available            |     4032|  9024|  2607360|  1303680|  960|
+---------------------+---------+------+---------+---------+-----+
|Utilization (%)      |        0|     0|       ~0|       ~0|    0|
+---------------------+---------+------+---------+---------+-----+

+ Detail: 
    * Instance: 
    N/A

    * DSP: 
    N/A

    * Memory: 
    +-----------------------+-----------------------------------+---------+----+----+-----+------+-----+------+-------------+
    |         Memory        |               Module              | BRAM_18K| FF | LUT| URAM| Words| Bits| Banks| W*Bits*Banks|
    +-----------------------+-----------------------------------+---------+----+----+-----+------+-----+------+-------------+
    |saved_addresses_V_1_U  |saved_addresses_V_1_RAM_AUTO_1R1W  |        0|  32|  65|    0|   128|   32|     1|         4096|
    |saved_addresses_V_0_U  |saved_addresses_V_1_RAM_AUTO_1R1W  |        0|  32|  65|    0|   128|   32|     1|         4096|
    +-----------------------+-----------------------------------+---------+----+----+-----+------+-----+------+-------------+
    |Total                  |                                   |        0|  64| 130|    0|   256|   64|     2|         8192|
    +-----------------------+-----------------------------------+---------+----+----+-----+------+-----+------+-------------+

    * FIFO: 
    N/A

    * Expression: 
    +----------------------------------+----------+----+---+----+------------+------------+
    |           Variable Name          | Operation| DSP| FF| LUT| Bitwidth P0| Bitwidth P1|
    +----------------------------------+----------+----+---+----+------------+------------+
    |add_ln885_1_fu_268_p2             |         +|   0|  0|  15|           8|           2|
    |add_ln885_fu_222_p2               |         +|   0|  0|  15|           8|           2|
    |ret_1_fu_246_p2                   |         +|   0|  0|  15|           8|           1|
    |ret_fu_196_p2                     |         +|   0|  0|  15|           8|           1|
    |ap_condition_121                  |       and|   0|  0|   2|           1|           1|
    |ap_condition_353                  |       and|   0|  0|   2|           1|           1|
    |ap_block_pp0_stage0_01001         |        or|   0|  0|   2|           1|           1|
    |ap_block_pp0_stage0_11001         |        or|   0|  0|   2|           1|           1|
    |ap_block_state3_io                |        or|   0|  0|   2|           1|           1|
    |ap_block_state4_io                |        or|   0|  0|   2|           1|           1|
    |ap_block_state4_pp0_stage0_iter3  |        or|   0|  0|   2|           1|           1|
    |tmp_dest_V_1_fu_309_p3            |    select|   0|  0|  32|           1|          32|
    |tmp_src_V_1_fu_302_p3             |    select|   0|  0|  32|           1|          32|
    |ap_enable_pp0                     |       xor|   0|  0|   2|           1|           2|
    +----------------------------------+----------+----+---+----+------------+------------+
    |Total                             |          |   0|  0| 140|          42|          79|
    +----------------------------------+----------+----+---+----+------------+------------+

    * Multiplexer: 
    +------------------------------------+----+-----------+-----+-----------+
    |                Name                | LUT| Input Size| Bits| Total Bits|
    +------------------------------------+----+-----------+-----+-----------+
    |saved_addresses_V_0_address0        |  14|          3|    7|         21|
    |saved_addresses_V_0_address1        |  14|          3|    7|         21|
    |saved_addresses_V_0_d0              |  14|          3|   32|         96|
    |saved_addresses_V_1_address0        |  14|          3|    7|         21|
    |saved_addresses_V_1_address1        |  14|          3|    7|         21|
    |saved_addresses_V_1_d0              |  14|          3|   32|         96|
    |user_extern_in_TDATA_blk_n          |   9|          2|    1|          2|
    |user_extern_out_TDATA_blk_n         |   9|          2|    1|          2|
    |user_extern_out_TDATA_int_regslice  |  14|          3|   64|        192|
    +------------------------------------+----+-----------+-----+-----------+
    |Total                               | 116|         25|  158|        472|
    +------------------------------------+----+-----------+-----+-----------+

    * Register: 
    +----------------------------------+----+----+-----+-----------+
    |               Name               | FF | LUT| Bits| Const Bits|
    +----------------------------------+----+----+-----+-----------+
    |ap_CS_fsm                         |   1|   0|    1|          0|
    |ap_enable_reg_pp0_iter1           |   1|   0|    1|          0|
    |ap_enable_reg_pp0_iter2           |   1|   0|    1|          0|
    |ap_enable_reg_pp0_iter3           |   1|   0|    1|          0|
    |curr_V                            |   8|   0|    8|          0|
    |first                             |   1|   0|    1|          0|
    |first_load_reg_328                |   1|   0|    1|          0|
    |lshr_ln2_reg_338                  |   7|   0|    7|          0|
    |lshr_ln3_reg_343                  |   7|   0|    7|          0|
    |prev_V                            |   8|   0|    8|          0|
    |trunc_ln31_reg_332                |   1|   0|    1|          0|
    |trunc_ln31_reg_332_pp0_iter1_reg  |   1|   0|    1|          0|
    |first_load_reg_328                |  64|  32|    1|          0|
    +----------------------------------+----+----+-----+-----------+
    |Total                             | 102|  32|   39|          0|
    +----------------------------------+----+----+-----+-----------+



================================================================
== Interface
================================================================
* Summary: 
+------------------------+-----+-----+------------+--------------------+--------------+
|        RTL Ports       | Dir | Bits|  Protocol  |    Source Object   |    C Type    |
+------------------------+-----+-----+------------+--------------------+--------------+
|ap_local_block          |  out|    1|  ap_ctrl_hs|  saveSrcDest_kernel|  return value|
|ap_local_deadlock       |  out|    1|  ap_ctrl_hs|  saveSrcDest_kernel|  return value|
|ap_clk                  |   in|    1|  ap_ctrl_hs|  saveSrcDest_kernel|  return value|
|ap_rst_n                |   in|    1|  ap_ctrl_hs|  saveSrcDest_kernel|  return value|
|ap_start                |   in|    1|  ap_ctrl_hs|  saveSrcDest_kernel|  return value|
|ap_done                 |  out|    1|  ap_ctrl_hs|  saveSrcDest_kernel|  return value|
|ap_idle                 |  out|    1|  ap_ctrl_hs|  saveSrcDest_kernel|  return value|
|ap_ready                |  out|    1|  ap_ctrl_hs|  saveSrcDest_kernel|  return value|
|user_extern_in_TVALID   |   in|    1|        axis|      user_extern_in|       pointer|
|user_extern_in_TDATA    |   in|   64|        axis|      user_extern_in|       pointer|
|user_extern_in_TREADY   |  out|    1|        axis|      user_extern_in|       pointer|
|user_extern_out_TREADY  |   in|    1|        axis|     user_extern_out|       pointer|
|user_extern_out_TDATA   |  out|   64|        axis|     user_extern_out|       pointer|
|user_extern_out_TVALID  |  out|    1|        axis|     user_extern_out|       pointer|
+------------------------+-----+-----+------------+--------------------+--------------+

