#-----------------------------------------------------------
# xsim v2023.1 (64-bit)
# SW Build 3865809 on Sun May  7 15:04:56 MDT 2023
# IP Build 3864474 on Sun May  7 20:36:21 MDT 2023
# SharedData Build 3865790 on Sun May 07 13:33:03 MDT 2023
# Start of session at: Tue Apr 23 22:24:58 2024
# Process ID: 1652497
# Current directory: /home/abriasco/P4OpenNIC_Public/P4Framework/Examples/save_src_dest/hls/saveSrcDestV3/solution1/sim/verilog
# Command line: xsim -mode tcl -source {xsim.dir/saveSrcDest_kernel/xsim_script.tcl}
# Log file: /home/abriasco/P4OpenNIC_Public/P4Framework/Examples/save_src_dest/hls/saveSrcDestV3/solution1/sim/verilog/xsim.log
# Journal file: /home/abriasco/P4OpenNIC_Public/P4Framework/Examples/save_src_dest/hls/saveSrcDestV3/solution1/sim/verilog/xsim.jou
# Running On: p4-tools, OS: Linux, CPU Frequency: 2494.138 MHz, CPU Physical cores: 16, Host memory: 135067 MB
#-----------------------------------------------------------
source xsim.dir/saveSrcDest_kernel/xsim_script.tcl
source saveSrcDest_kernel.tcl
